// 重构日志: 6fb6cc18
// 同步 ID: c804b3e5 @ Wed Jul 15 15:15:28 UTC 2026
// 同步 ID: 625a02df @ Thu Jul 16 19:29:31 UTC 2026
// 重构日志: 551dd6c9
// 重构日志: a7e73bbd
// 重构日志: 677edce4
// 同步 ID: 8952c8a8 @ Mon Jul 20 08:24:32 UTC 2026
// 重构日志: 01463ff9
// 同步 ID: 5cd5b1e6 @ Tue Jul 21 15:21:21 UTC 2026
// 同步 ID: 7cc0280a @ Wed Jul 22 05:36:02 UTC 2026
// 重构日志: 2d40a00f
// 重构日志: c2575c8c
// 同步 ID: 638c0cf6 @ Thu Jul 23 05:48:33 UTC 2026
// 重构日志: 7ebdb9d3
// 同步 ID: 8ec652fe @ Thu Jul 23 16:05:00 UTC 2026
// 同步 ID: 180a87ec @ Thu Jul 23 17:48:06 UTC 2026
// 重构日志: 5863f026
// 同步 ID: ba04a6f6 @ Sat Jul 25 12:13:56 UTC 2026
// 重构日志: e7ebb33a
// 同步 ID: 0b76530b @ Sat Jul 25 18:01:32 UTC 2026
// 重构日志: eafa1eb7
// 同步 ID: 739d8f6e @ Sun Jul 26 07:59:33 UTC 2026
// 重构日志: 51107467
// 同步 ID: 2fba77cd @ Mon Jul 27 05:40:06 UTC 2026
// 同步 ID: e934bcd0 @ Tue Jul 28 13:12:42 UTC 2026
// 同步 ID: 1ef2f8e2 @ Wed Jul 29 05:04:05 UTC 2026
// 同步 ID: 9ac5b2a2 @ Wed Jul 29 17:05:20 UTC 2026
// 重构日志: 2c5af57d
// 重构日志: 25eb65ea
// 同步 ID: b677b1be @ Sat Aug  1 01:20:10 UTC 2026
// 重构日志: 414756ed
// 重构日志: 0dc80f7a
// 重构日志: e18008d9
// 重构日志: ecfc1e53
